src/components/AdminPage.tsx(89,38): error TS2304: Cannot find name 'UserType'.
src/components/AdminPage.tsx(92,52): error TS2304: Cannot find name 'UserType'.
src/components/AdminPage.tsx(136,7): error TS2304: Cannot find name 'loadFiles'.
src/components/AdminPage.tsx(348,43): error TS2304: Cannot find name 'UserType'.
src/components/AdminPage.tsx(352,49): error TS2304: Cannot find name 'UserType'.
src/components/AdminPage.tsx(1080,51): error TS2345: Argument of type 'string | undefined' is not assignable to parameter of type 'string'.
  Type 'undefined' is not assignable to type 'string'.
src/components/AdminPage.tsx(1082,33): error TS2345: Argument of type '{ success: boolean; applications: Application[]; }' is not assignable to parameter of type 'SetStateAction<Application[]>'.
src/components/AgentPage.tsx(178,15): error TS2345: Argument of type 'string | undefined' is not assignable to parameter of type 'string'.
  Type 'undefined' is not assignable to type 'string'.
src/components/AgentPage.tsx(186,50): error TS2345: Argument of type 'string | undefined' is not assignable to parameter of type 'string'.
  Type 'undefined' is not assignable to type 'string'.
src/components/AgentPage.tsx(199,33): error TS2345: Argument of type 'string | undefined' is not assignable to parameter of type 'string'.
  Type 'undefined' is not assignable to type 'string'.
src/components/AgentPage.tsx(803,74): error TS2304: Cannot find name 'validateFile'.
